Collecting tensorflow-cpu
  Using cached tensorflow_cpu-2.21.0-cp311-cp311-win_amd64.whl.metadata (4.5 kB)
Collecting absl-py>=1.0.0 (from tensorflow-cpu)
  Using cached absl_py-2.4.0-py3-none-any.whl.metadata (3.3 kB)
Collecting astunparse>=1.6.0 (from tensorflow-cpu)
  Using cached astunparse-1.6.3-py2.py3-none-any.whl.metadata (4.4 kB)
Collecting flatbuffers>=25.9.23 (from tensorflow-cpu)
  Using cached flatbuffers-25.12.19-py2.py3-none-any.whl.metadata (1.0 kB)
Collecting gast!=0.5.0,!=0.5.1,!=0.5.2,>=0.2.1 (from tensorflow-cpu)
  Using cached gast-0.7.0-py3-none-any.whl.metadata (1.5 kB)
Collecting google_pasta>=0.1.1 (from tensorflow-cpu)
  Using cached google_pasta-0.2.0-py3-none-any.whl.metadata (814 bytes)
Collecting libclang>=13.0.0 (from tensorflow-cpu)
  Using cached libclang-18.1.1-py2.py3-none-win_amd64.whl.metadata (5.3 kB)
Collecting opt_einsum>=2.3.2 (from tensorflow-cpu)
  Using cached opt_einsum-3.4.0-py3-none-any.whl.metadata (6.3 kB)
Requirement already satisfied: packaging in C:\Users\atynov\AppData\Local\Programs\Python\Python311\Lib\site-packages (from tensorflow-cpu) (26.0)
Collecting protobuf<8.0.0,>=6.31.1 (from tensorflow-cpu)
  Using cached protobuf-7.34.1-cp310-abi3-win_amd64.whl.metadata (595 bytes)
Requirement already satisfied: requests<3,>=2.21.0 in C:\Users\atynov\AppData\Local\Programs\Python\Python311\Lib\site-packages (from tensorflow-cpu) (2.33.1)
Requirement already satisfied: setuptools in C:\Users\atynov\AppData\Local\Programs\Python\Python311\Lib\site-packages (from tensorflow-cpu) (65.5.0)
Collecting six>=1.12.0 (from tensorflow-cpu)
  Using cached six-1.17.0-py2.py3-none-any.whl.metadata (1.7 kB)
Collecting termcolor>=1.1.0 (from tensorflow-cpu)
  Using cached termcolor-3.3.0-py3-none-any.whl.metadata (6.5 kB)
Requirement already satisfied: typing_extensions>=3.6.6 in C:\Users\atynov\AppData\Local\Programs\Python\Python311\Lib\site-packages (from tensorflow-cpu) (4.15.0)
Collecting wrapt>=1.11.0 (from tensorflow-cpu)
  Using cached wrapt-2.1.2-cp311-cp311-win_amd64.whl.metadata (7.6 kB)
Collecting grpcio<2.0,>=1.24.3 (from tensorflow-cpu)
  Using cached grpcio-1.80.0-cp311-cp311-win_amd64.whl.metadata (3.9 kB)
Collecting keras>=3.12.0 (from tensorflow-cpu)
  Using cached keras-3.14.0-py3-none-any.whl.metadata (6.3 kB)
Requirement already satisfied: numpy>=1.26.0 in C:\Users\atynov\AppData\Local\Programs\Python\Python311\Lib\site-packages (from tensorflow-cpu) (2.4.4)
Collecting h5py<3.15.0,>=3.11.0 (from tensorflow-cpu)
  Using cached h5py-3.14.0-cp311-cp311-win_amd64.whl.metadata (2.7 kB)
Collecting ml_dtypes<1.0.0,>=0.5.1 (from tensorflow-cpu)
  Using cached ml_dtypes-0.5.4-cp311-cp311-win_amd64.whl.metadata (9.2 kB)
Requirement already satisfied: charset_normalizer<4,>=2 in C:\Users\atynov\AppData\Local\Programs\Python\Python311\Lib\site-packages (from requests<3,>=2.21.0->tensorflow-cpu) (3.4.7)
Requirement already satisfied: idna<4,>=2.5 in C:\Users\atynov\AppData\Local\Programs\Python\Python311\Lib\site-packages (from requests<3,>=2.21.0->tensorflow-cpu) (3.11)
Requirement already satisfied: urllib3<3,>=1.26 in C:\Users\atynov\AppData\Local\Programs\Python\Python311\Lib\site-packages (from requests<3,>=2.21.0->tensorflow-cpu) (2.6.3)
Requirement already satisfied: certifi>=2023.5.7 in C:\Users\atynov\AppData\Local\Programs\Python\Python311\Lib\site-packages (from requests<3,>=2.21.0->tensorflow-cpu) (2026.2.25)
Collecting wheel<1.0,>=0.23.0 (from astunparse>=1.6.0->tensorflow-cpu)
  Using cached wheel-0.47.0-py3-none-any.whl.metadata (2.3 kB)
Collecting rich (from keras>=3.12.0->tensorflow-cpu)
  Using cached rich-15.0.0-py3-none-any.whl.metadata (18 kB)
Collecting namex (from keras>=3.12.0->tensorflow-cpu)
  Using cached namex-0.1.0-py3-none-any.whl.metadata (322 bytes)
Collecting optree (from keras>=3.12.0->tensorflow-cpu)
  Using cached optree-0.19.0-cp311-cp311-win_amd64.whl.metadata (35 kB)
Collecting markdown-it-py>=2.2.0 (from rich->keras>=3.12.0->tensorflow-cpu)
  Using cached markdown_it_py-4.0.0-py3-none-any.whl.metadata (7.3 kB)
