Looking in indexes: https://download.pytorch.org/whl/cu128
Collecting torch
  Using cached torch-2.11.0%2Bcu128-cp311-cp311-win_amd64.whl.metadata (29 kB)
Collecting filelock (from torch)
  Using cached filelock-3.25.2-py3-none-any.whl.metadata (2.0 kB)
Requirement already satisfied: typing-extensions>=4.10.0 in C:\Users\atynov\AppData\Local\Programs\Python\Python311\Lib\site-packages (from torch) (4.15.0)
Requirement already satisfied: setuptools<82 in C:\Users\atynov\AppData\Local\Programs\Python\Python311\Lib\site-packages (from torch) (65.5.0)
Collecting sympy>=1.13.3 (from torch)
  Using cached sympy-1.14.0-py3-none-any.whl.metadata (12 kB)
Collecting networkx>=2.5.1 (from torch)
  Using cached networkx-3.6.1-py3-none-any.whl.metadata (6.8 kB)
Collecting jinja2 (from torch)
  Using cached jinja2-3.1.6-py3-none-any.whl.metadata (2.9 kB)
Collecting fsspec>=0.8.5 (from torch)
  Using cached fsspec-2026.2.0-py3-none-any.whl.metadata (10 kB)
Collecting mpmath<1.4,>=1.1.0 (from sympy>=1.13.3->torch)
  Using cached mpmath-1.3.0-py3-none-any.whl.metadata (8.6 kB)
Collecting MarkupSafe>=2.0 (from jinja2->torch)
  Using cached markupsafe-3.0.3-cp311-cp311-win_amd64.whl.metadata (2.8 kB)
Downloading torch-2.11.0%2Bcu128-cp311-cp311-win_amd64.whl (2753.1 MB)
Downloading fsspec-2026.2.0-py3-none-any.whl (202 kB)
Using cached networkx-3.6.1-py3-none-any.whl (2.1 MB)
Using cached sympy-1.14.0-py3-none-any.whl (6.3 MB)
Using cached mpmath-1.3.0-py3-none-any.whl (536 kB)
Using cached filelock-3.25.2-py3-none-any.whl (26 kB)
WARNING: Retrying (Retry(total=4, connect=None, read=None, redirect=None, status=None)) after connection broken by 'ReadTimeoutError("HTTPSConnectionPool(host='download.pytorch.org', port=443): Read timed out. (read timeout=15)")': /whl/jinja2-3.1.6-py3-none-any.whl
Downloading jinja2-3.1.6-py3-none-any.whl (134 kB)
Downloading markupsafe-3.0.3-cp311-cp311-win_amd64.whl (15 kB)
Installing collected packages: mpmath, sympy, networkx, MarkupSafe, fsspec, filelock, jinja2, torch
Successfully installed MarkupSafe-3.0.3 filelock-3.25.2 fsspec-2026.2.0 jinja2-3.1.6 mpmath-1.3.0 networkx-3.6.1 sympy-1.14.0 torch-2.11.0+cu128
